// Jest Snapshot v1, https://goo.gl/fbAQLP

exports[`fetchEvent has the right data 1`] = `
Object {
  "child": Object {
    "733": Object {
      "attributes": Object {
        "age": 2,
        "parentId": 1184,
      },
      "id": "733",
      "relationships": Object {
        "parent": Object {
          "data": Object {
            "id": "1184",
            "type": "user",
          },
        },
      },
      "type": "child",
    },
    "767": Object {
      "attributes": Object {
        "age": 10,
        "parentId": 1184,
      },
      "id": "767",
      "relationships": Object {
        "parent": Object {
          "data": Object {
            "id": "1184",
            "type": "user",
          },
        },
      },
      "type": "child",
    },
  },
  "event": Object {
    "2186": Object {
      "attributes": Object {
        "activityNames": Array [
          "arts & crafts",
        ],
        "childAgeMaximum": 11,
        "childAgeMinimum": 2,
        "endsAt": "2019-03-23T21:00:00-04:00",
        "foods": Array [
          "tacos ðŸŒ®",
        ],
        "full": true,
        "hasPet": false,
        "hostAdminAreaLevel1": "Massachusetts",
        "hostAdminAreaLevel2": "Worcester County",
        "hostAvatar": null,
        "hostChildAges": Array [
          10,
          2,
        ],
        "hostCreatedAt": "2019-02-20T19:50:54.060Z",
        "hostEmployer": null,
        "hostFacebookUid": "2345507718810193",
        "hostFirstName": "Asa",
        "hostFuzzyLatitude": "42.2621022893375",
        "hostFuzzyLongitude": "-71.7869041541646",
        "hostHighestEducation": null,
        "hostId": 1184,
        "hostImages": Array [],
        "hostInstagramUser": null,
        "hostJobPosition": null,
        "hostLanguages": Array [],
        "hostLinkedinUser": null,
        "hostLocality": "Worcester",
        "hostNeighborhood": "Shrewsbury Street",
        "hostProfileBlurb": null,
        "hostSchool": null,
        "hostSublocality": null,
        "hostTwitterUser": null,
        "hostVerified": false,
        "houseRules": null,
        "maximumChildren": 2,
        "name": "Arts & crafts & tacos ðŸŒ® with Asa",
        "participantsCount": 2,
        "petDescription": null,
        "startsAt": "2019-03-23T18:00:00-04:00",
      },
      "id": "2186",
      "relationships": Object {
        "eventHosts": Object {
          "data": Array [],
        },
        "host": Object {
          "data": Object {
            "id": "1184",
            "type": "user",
          },
        },
        "participants": Object {
          "data": Array [
            Object {
              "id": "227",
              "type": "participant",
            },
            Object {
              "id": "228",
              "type": "participant",
            },
          ],
        },
      },
      "type": "event",
    },
  },
  "participant": Object {
    "227": Object {
      "attributes": Object {
        "eventId": 2186,
        "userAdminAreaLevel1": "Massachusetts",
        "userAdminAreaLevel2": "Worcester County",
        "userAvatar": null,
        "userChildAges": Array [
          3,
        ],
        "userCreatedAt": "2019-02-22T18:56:31.314Z",
        "userEmployer": "City of Worcester",
        "userFacebookUid": "10161426358710224",
        "userFirstName": "Ari",
        "userFuzzyLatitude": "42.2798583744957",
        "userFuzzyLongitude": "-71.7923605922667",
        "userHighestEducation": null,
        "userId": 1230,
        "userImages": Array [
          "https://res.cloudinary.com/cottageclass2/image/upload/v1550865925/avatars/ari_photo_sxw70e.png",
          "https://res.cloudinary.com/cottageclass2/image/upload/v1550865941/avatars/Image_from_iOS_u7dxcz.png",
          "https://res.cloudinary.com/cottageclass2/image/upload/v1550865985/avatars/2013-02-09_13.56.09_zzrtjv.png",
          "https://res.cloudinary.com/cottageclass2/image/upload/v1550865992/avatars/2012-10-19_13.57.39_pzi6hl.png",
          "https://res.cloudinary.com/cottageclass2/image/upload/v1550865999/avatars/2012-06-21_14.44.23_tywfj9.png",
          "https://res.cloudinary.com/cottageclass2/image/upload/v1550866006/avatars/2013-01-26_09.29.01_s1va6c.png",
          "https://res.cloudinary.com/cottageclass2/image/upload/v1550866012/avatars/2012-11-19_21.47.23_lhpttt.png",
          "https://res.cloudinary.com/cottageclass2/image/upload/v1550866024/avatars/2019-01-27_09.18.43_v4c1ui.png",
          "https://res.cloudinary.com/cottageclass2/image/upload/v1550866035/avatars/2013-09-28_21.23.05_tsl6be.png",
        ],
        "userInstagramUser": null,
        "userJobPosition": "Middle School teacher",
        "userLanguages": Array [],
        "userLinkedinUser": null,
        "userLocality": "Worcester",
        "userNeighborhood": "Biotech Park Area",
        "userProfileBlurb": "Lorem ipsum dolor sit amet, consectetur adipiscing elit, sed do eiusmod tempor incididunt ut labore et dolore magna aliqua. Ut enim ad minim veniam, quis nostrud exercitation ullamco laboris nisi ut aliquip ex ea commodo consequat. Duis aute irure dolor in reprehenderit in voluptate velit esse cillum dolore eu fugiat nulla pariatur. Excepteur sint occaecat cupidatat non proident, sunt in culpa qui officia deserunt mollit anim id est laborum.

Lorem ipsum dolor sit amet, consectetur adipiscing elit, sed do eiusmod tempor incididunt ut labore et dolore magna aliqua. Ut enim ad minim veniam, quis nostrud exercitation ullamco laboris nisi ut aliquip ex ea commodo consequat. Duis aute irure dolor in reprehenderit in voluptate velit esse cillum dolore eu fugiat nulla pariatur. Excepteur sint.
Roccaecat cupidatat non proident, sunt in culpa qui officia deserunt mollit anim id est laborum.


Elit, sed do eiusmod tempor incididunt ut labore et dolore magna aliqua. Ut enim ad minim veniam, quis nostrud exercitation ullamco laboris nisi ut aliquip ex ea commodo consequat. Duis aute irure dolor in reprehenderit in voluptate velit esse cillum dolore eu fugiat nulla pariatur. Excepteur sint.",
        "userSchool": null,
        "userSublocality": null,
        "userTwitterUser": null,
        "userVerified": false,
      },
      "id": "227",
      "relationships": Object {
        "participantChildren": Object {
          "data": Array [
            Object {
              "id": "208",
              "type": "participantChild",
            },
          ],
        },
      },
      "type": "participant",
    },
    "228": Object {
      "attributes": Object {
        "eventId": 2186,
        "userAdminAreaLevel1": "Massachusetts",
        "userAdminAreaLevel2": "Worcester County",
        "userAvatar": "https://res.cloudinary.com/cottageclass2/image/upload/v1550852508/avatars/ari_photo_qie6qh.png",
        "userChildAges": Array [
          2,
        ],
        "userCreatedAt": "2019-02-22T16:21:51.663Z",
        "userEmployer": null,
        "userFacebookUid": null,
        "userFirstName": "ari",
        "userFuzzyLatitude": "42.2804470048222",
        "userFuzzyLongitude": "-71.7921261738453",
        "userHighestEducation": null,
        "userId": 1228,
        "userImages": Array [],
        "userInstagramUser": null,
        "userJobPosition": null,
        "userLanguages": Array [],
        "userLinkedinUser": null,
        "userLocality": "Worcester",
        "userNeighborhood": "Biotech Park Area",
        "userProfileBlurb": null,
        "userSchool": null,
        "userSublocality": null,
        "userTwitterUser": null,
        "userVerified": false,
      },
      "id": "228",
      "relationships": Object {
        "participantChildren": Object {
          "data": Array [
            Object {
              "id": "209",
              "type": "participantChild",
            },
          ],
        },
      },
      "type": "participant",
    },
  },
  "participantChild": Object {
    "208": Object {
      "attributes": Object {
        "childAge": 3,
        "childId": 768,
      },
      "id": "208",
      "type": "participantChild",
    },
    "209": Object {
      "attributes": Object {
        "childAge": 2,
        "childId": 766,
      },
      "id": "209",
      "type": "participantChild",
    },
  },
  "user": Object {
    "1184": Object {
      "attributes": Object {
        "adminAreaLevel1": "Massachusetts",
        "adminAreaLevel2": "Worcester County",
        "avatar": null,
        "childAges": Array [
          10,
          2,
        ],
        "createdAt": "2019-02-20T19:50:54.060Z",
        "employer": null,
        "facebookUid": "2345507718810193",
        "firstName": "Asa",
        "fuzzyLatitude": "42.2621022893375",
        "fuzzyLongitude": "-71.7869041541646",
        "highestEducation": null,
        "id": 1184,
        "images": Array [],
        "instagramUser": null,
        "jobPosition": null,
        "languages": Array [],
        "linkedinUser": null,
        "locality": "Worcester",
        "neighborhood": "Shrewsbury Street",
        "profileBlurb": null,
        "school": null,
        "sublocality": null,
        "twitterUser": null,
        "verified": false,
      },
      "id": "1184",
      "relationships": Object {
        "children": Object {
          "data": Array [
            Object {
              "id": "767",
              "type": "child",
            },
            Object {
              "id": "733",
              "type": "child",
            },
          ],
        },
      },
      "type": "user",
    },
  },
}
`;
